// Jest Snapshot v1, https://goo.gl/fbAQLP

exports[`<Schedule /> should render correctly 1`] = `
<div>
  <div
    class="schedule"
    id="schedule"
  >
    <span
      class="hour-schedule"
    >
      0
    </span>
    <span
      class="hour-schedule"
    >
      1
    </span>
    <span
      class="hour-schedule"
    >
      2
    </span>
    <span
      class="hour-schedule"
    >
      3
    </span>
    <span
      class="hour-schedule"
    >
      4
    </span>
    <span
      class="hour-schedule"
    >
      5
    </span>
    <span
      class="hour-schedule"
    >
      6
    </span>
    <span
      class="hour-schedule"
    >
      7
    </span>
    <span
      class="hour-schedule"
    >
      8
    </span>
    <span
      class="hour-schedule"
    >
      9
    </span>
    <span
      class="hour-schedule"
    >
      10
    </span>
    <span
      class="hour-schedule"
    >
      11
    </span>
    <span
      class="hour-schedule"
    >
      12
    </span>
    <span
      class="hour-schedule"
    >
      13
    </span>
    <span
      class="hour-schedule"
    >
      14
    </span>
    <span
      class="hour-schedule"
    >
      15
    </span>
    <span
      class="hour-schedule"
    >
      16
    </span>
    <span
      class="hour-schedule"
    >
      17
    </span>
    <span
      class="hour-schedule"
    >
      18
    </span>
    <span
      class="hour-schedule"
    >
      19
    </span>
    <span
      class="hour-schedule"
    >
      20
    </span>
    <span
      class="hour-schedule"
    >
      21
    </span>
    <span
      class="hour-schedule"
    >
      22
    </span>
    <span
      class="hour-schedule"
    >
      23
    </span>
    <div
      id="AS1001"
      style="background-color: #6fdb95; height: 35px; margin-top: 3px; position: absolute; width: NaNpx; left: NaNpx;"
    />
    <div
      id="AS1001"
      style="background-color: #ae59e3; height: 35px; margin-top: 3px; position: absolute; width: 15px; left: NaNpx;"
    />
  </div>
</div>
`;
