// Jest Snapshot v1, https://goo.gl/fbAQLP

exports[`<Flight /> should render correctly 1`] = `
<div>
  <div
    class="flight"
  >
    Flight
    <div>
      <div
        class="flight-card"
      >
        <span
          class="flight-id"
        >
          AS1001
        </span>
        <span>
          LFSB
           
          &gt;
           
          LFMN
        </span>
        <span>
          06:00
           
          &gt;
           
          07:15
        </span>
      </div>
    </div>
    <div>
      <div
        class="flight-card"
      >
        <span
          class="flight-id"
        >
          AS1002
        </span>
        <span>
          LFMN
           
          &gt;
           
          LFSB
        </span>
        <span>
          07:45
           
          &gt;
           
          08:55
        </span>
      </div>
    </div>
  </div>
</div>
`;
