// Jest Snapshot v1, https://goo.gl/fbAQLP

exports[`<App /> should render correctly 1`] = `
<div>
  <div
    class="app"
  >
    <div
      class="nav-date"
    >
      <div>
        Mon, January 31, 2022
      </div>
    </div>
    <div
      class="main-container"
    >
      <div
        class="element-container"
      >
        <div
          class="aircrafts"
        >
          Aircrafts
        </div>
      </div>
      <div
        class="element-container"
      >
        <div
          class="rotation"
        >
          Rotation
        </div>
      </div>
      <div
        class="element-container"
      >
        <div
          class="flight"
        >
          Flight
        </div>
      </div>
    </div>
    <div
      class="schedule-container"
      id="schedule_id"
    >
      <div
        class="schedule"
      >
        <div
          class="hour-schedule"
          id="hour_0"
        />
        <div
          class="hour-schedule"
          id="hour_1"
        />
        <div
          class="hour-schedule"
          id="hour_2"
        />
        <div
          class="hour-schedule"
          id="hour_3"
        />
        <div
          class="hour-schedule"
          id="hour_4"
        />
        <div
          class="hour-schedule"
          id="hour_5"
        />
        <div
          class="hour-schedule"
          id="hour_6"
        />
        <div
          class="hour-schedule"
          id="hour_7"
        />
        <div
          class="hour-schedule"
          id="hour_8"
        />
        <div
          class="hour-schedule"
          id="hour_9"
        />
        <div
          class="hour-schedule"
          id="hour_10"
        />
        <div
          class="hour-schedule"
          id="hour_11"
        />
        <div
          class="hour-schedule"
          id="hour_12"
        />
        <div
          class="hour-schedule"
          id="hour_13"
        />
        <div
          class="hour-schedule"
          id="hour_14"
        />
        <div
          class="hour-schedule"
          id="hour_15"
        />
        <div
          class="hour-schedule"
          id="hour_16"
        />
        <div
          class="hour-schedule"
          id="hour_17"
        />
        <div
          class="hour-schedule"
          id="hour_18"
        />
        <div
          class="hour-schedule"
          id="hour_19"
        />
        <div
          class="hour-schedule"
          id="hour_20"
        />
        <div
          class="hour-schedule"
          id="hour_21"
        />
        <div
          class="hour-schedule"
          id="hour_22"
        />
        <div
          class="hour-schedule"
          id="hour_23"
        />
      </div>
    </div>
  </div>
</div>
`;
